[n5m6] F: PM done, cum F(T>0)=302,621 (5s)
[n5m6] F: PM done, cum F(T>0)=605,242 (9s)
[n5m6] F: PM done, cum F(T>0)=907,863 (13s)
[n5m6] F: PM done, cum F(T>0)=1,210,484 (17s)
[n5m6] F: PM done, cum F(T>0)=1,513,105 (21s)
[n5m6] F: PM done, cum F(T>0)=1,815,726 (26s)
[n5m6] F: PM done, cum F(T>0)=2,118,347 (30s)
[n5m6] F: PM done, cum F(T>0)=2,420,968 (34s)
[n5m6] F: PM done, cum F(T>0)=2,723,589 (38s)
[n5m6] F: PM done, cum F(T>0)=3,026,210 (42s)
[n5m6] F: PM done, cum F(T>0)=3,328,831 (46s)
[n5m6] F: PM done, cum F(T>0)=3,631,452 (50s)
[n5m6] F: PM done, cum F(T>0)=3,934,073 (54s)
[n5m6] F: PM done, cum F(T>0)=4,236,694 (58s)
[n5m6] F: PM done, cum F(T>0)=4,539,315 (62s)
[n5m6] F side: 4,539,315 T>0 instances, sorted (105s)
[n5m6] F distinct keys=4,533,809, T-diverse keys=0 (106s)
[n5m6] G: 50/455 P-triples, 15,131,050 instances, hits=0 (777s)
[n5m6] G: 100/455 P-triples, 30,262,100 instances, hits=0 (1994s)
[n5m6] G: 150/455 P-triples, 45,393,150 instances, hits=0 (2787s)
[n5m6] G: 200/455 P-triples, 60,524,200 instances, hits=0 (3446s)
[n5m6] G: 250/455 P-triples, 75,655,250 instances, hits=0 (4136s)
[n5m6] G: 300/455 P-triples, 90,786,300 instances, hits=0 (5182s)
[n5m6] G: 350/455 P-triples, 105,917,350 instances, hits=0 (5853s)
[n5m6] G: 400/455 P-triples, 121,048,400 instances, hits=0 (6457s)
[n5m6] G: 450/455 P-triples, 136,179,450 instances, hits=0 (7019s)
[n5m6] G total=137,692,555 instances, hits=0 (7070s)
RESULT: n=5 N=9 m=6 参数化覆盖零分裂（m ≤ 6 全清场）
