=== PYTHONHASHSEED=0 -> run_d1 ===
[A n=10] 完成：类 21，处理 21，件数 min/max = 4/8，直方图 {'5': 10, '8': 2, '7': 3, '4': 2, '6': 4}，路线 {'nondiv3mod': 21}，违反 0，用时 176.8s
[A n=11] 完成：类 266，处理 266，件数 min/max = 3/8，直方图 {'6': 92, '4': 42, '3': 15, '5': 63, '7': 44, '8': 10}，路线 {'nondiv3mod': 266}，违反 0，用时 0.7s
  [A n=12] 500 类已处理 1s
  [A n=12] 1000 类已处理 2s
  [A n=12] 1500 类已处理 2s
  [A n=12] 2000 类已处理 3s
  [A n=12] 2500 类已处理 4s
  [A n=12] 3000 类已处理 5s
  [A n=12] 3500 类已处理 6s
  [A n=12] 4000 类已处理 7s
  [A n=12] 4500 类已处理 7s
  [A n=12] 5000 类已处理 8s
  [A n=12] 5500 类已处理 9s
  [A n=12] 6000 类已处理 10s
  [A n=12] 6500 类已处理 11s
  [A n=12] 7000 类已处理 12s
  [A n=12] 7500 类已处理 13s
[A n=12] 完成：类 7849，处理 7849，件数 min/max = 3/10，直方图 {'7': 1430, '3': 193, '4': 1152, '8': 481, '6': 2305, '5': 2218, '9': 65, '10': 5}，路线 {'flat': 7847, 'phi': 2}，违反 0，用时 13.8s
=== PYTHONHASHSEED=0 -> run_d2 ===
[A n=10] 完成：类 21，处理 21，件数 min/max = 4/8，直方图 {'5': 10, '8': 2, '7': 3, '4': 2, '6': 4}，路线 {'nondiv3mod': 21}，违反 0，用时 211.6s
[A n=11] 完成：类 266，处理 266，件数 min/max = 3/8，直方图 {'6': 92, '4': 42, '3': 15, '5': 63, '7': 44, '8': 10}，路线 {'nondiv3mod': 266}，违反 0，用时 0.6s
  [A n=12] 500 类已处理 1s
  [A n=12] 1000 类已处理 2s
  [A n=12] 1500 类已处理 3s
  [A n=12] 2000 类已处理 4s
  [A n=12] 2500 类已处理 5s
  [A n=12] 3000 类已处理 7s
  [A n=12] 3500 类已处理 7s
  [A n=12] 4000 类已处理 8s
  [A n=12] 4500 类已处理 10s
  [A n=12] 5000 类已处理 11s
  [A n=12] 5500 类已处理 12s
  [A n=12] 6000 类已处理 14s
  [A n=12] 6500 类已处理 15s
  [A n=12] 7000 类已处理 16s
  [A n=12] 7500 类已处理 17s
[A n=12] 完成：类 7849，处理 7849，件数 min/max = 3/10，直方图 {'7': 1430, '3': 193, '4': 1152, '8': 481, '6': 2305, '5': 2218, '9': 65, '10': 5}，路线 {'flat': 7847, 'phi': 2}，违反 0，用时 19.1s
=== PYTHONHASHSEED=12345 -> run_d3 ===
[A n=10] 完成：类 21，处理 21，件数 min/max = 4/8，直方图 {'5': 10, '8': 2, '7': 3, '4': 2, '6': 4}，路线 {'nondiv3mod': 21}，违反 0，用时 235.3s
[A n=11] 完成：类 266，处理 266，件数 min/max = 3/8，直方图 {'6': 92, '4': 42, '3': 15, '5': 63, '7': 44, '8': 10}，路线 {'nondiv3mod': 266}，违反 0，用时 0.5s
  [A n=12] 500 类已处理 1s
  [A n=12] 1000 类已处理 2s
  [A n=12] 1500 类已处理 3s
  [A n=12] 2000 类已处理 3s
  [A n=12] 2500 类已处理 4s
  [A n=12] 3000 类已处理 5s
  [A n=12] 3500 类已处理 6s
  [A n=12] 4000 类已处理 6s
  [A n=12] 4500 类已处理 7s
  [A n=12] 5000 类已处理 8s
  [A n=12] 5500 类已处理 9s
  [A n=12] 6000 类已处理 9s
  [A n=12] 6500 类已处理 10s
  [A n=12] 7000 类已处理 11s
  [A n=12] 7500 类已处理 12s
[A n=12] 完成：类 7849，处理 7849，件数 min/max = 3/10，直方图 {'7': 1430, '3': 193, '4': 1152, '8': 481, '6': 2305, '5': 2218, '9': 65, '10': 5}，路线 {'flat': 7847, 'phi': 2}，违反 0，用时 12.3s
=== sha256 ===
D1 vs D2: *** 不一致 ***
2c2
< 24a37762deb1fbf74c889d4ae67f60d8923487cbf77b81a98bac1689def78d74  A_n10.jsonl.summary.json
---
> 95aa79a59b7d1b80d05510d22fcfa8f002ea8877c556e3eb322bbf503fd87fe3  A_n10.jsonl.summary.json
4c4
< bbef6bd447ee2547089443a349e2c42850545771032a979410b3fff1d3569a00  A_n11.jsonl.summary.json
---
> b363349c958bac0e7ab8f0d8f0a5ad0e9f4ebb457e0b1666e05e0c5c6a7b3e20  A_n11.jsonl.summary.json
6c6
< f185acc1b85898a27e9e5a128675a1fb85c216501d4e39f4486c97368445c419  A_n12.jsonl.summary.json
---
> 3e8c6fbc9db4f60854ce12a3297da25d0bda092617ba929dba63c37686d62a02  A_n12.jsonl.summary.json
D1 vs D3: *** 不一致（结果依赖集合迭代序）***
2c2
< 24a37762deb1fbf74c889d4ae67f60d8923487cbf77b81a98bac1689def78d74  A_n10.jsonl.summary.json
---
> 5924760fc68e232540e86210a73f9f4e56c7cba9e9ce06f720674711a55036d9  A_n10.jsonl.summary.json
4c4
< bbef6bd447ee2547089443a349e2c42850545771032a979410b3fff1d3569a00  A_n11.jsonl.summary.json
---
> 4c5582e8b9426772baf482423adf5d420b0eb4cfd233f62782fa1e2b12332691  A_n11.jsonl.summary.json
6c6
< f185acc1b85898a27e9e5a128675a1fb85c216501d4e39f4486c97368445c419  A_n12.jsonl.summary.json
---
> e248fedc78ae1de12e7bc8a61a783bb1caf9ea190486bff8ad80906e677632f1  A_n12.jsonl.summary.json
9939ab6c38027af9b1936097d9f091465ff46dae5ddfd8d22310dadc43c419f4  A_n10.jsonl
24a37762deb1fbf74c889d4ae67f60d8923487cbf77b81a98bac1689def78d74  A_n10.jsonl.summary.json
40e11473289ce2b25fdbebe70d630e6b02dbd51790f856bac66d7df9f2abd37d  A_n11.jsonl
bbef6bd447ee2547089443a349e2c42850545771032a979410b3fff1d3569a00  A_n11.jsonl.summary.json
455a227cf26d09ef75bd8a34ab4ec9cbbb80c70e47c1cd18693f3a4dc9e02219  A_n12.jsonl
f185acc1b85898a27e9e5a128675a1fb85c216501d4e39f4486c97368445c419  A_n12.jsonl.summary.json

real	11m24.222s
user	1m26.947s
sys	0m5.529s
