[n12#1335] 构造件数=10 3 件分解=找到 0.12s
[n12#3974] 构造件数=10 3 件分解=找到 0.18s
[n12#4472] 构造件数=10 3 件分解=找到 0.33s
[n12#5130] 构造件数=10 3 件分解=找到 0.17s
[n12#5482] 构造件数=10 3 件分解=找到 0.16s
[n12#0] 构造件数=7 3 件分解=找到 0.27s
[n12#653] 构造件数=7 3 件分解=找到 0.04s
[n12#1306] 构造件数=8 3 件分解=找到 0.02s
[n12#1960] 构造件数=7 3 件分解=未找到 6.33s
[n12#2613] 构造件数=5 3 件分解=找到 0.5s
[n12#3266] 构造件数=4 3 件分解=找到 2.79s
[n12#3919] 构造件数=6 3 件分解=找到 0.37s
[n12#4574] 构造件数=7 3 件分解=找到 0.52s
[n12#5228] 构造件数=3 3 件分解=找到 0.03s
[n12#5882] 构造件数=5 3 件分解=找到 0.72s
[n12#6535] 构造件数=6 3 件分解=找到 0.56s
[n12#7188] 构造件数=4 3 件分解=找到 0.13s
独立复核: True
命中 16/17 -> data/extra_n12_ce3_sample.json

real	0m18.626s
user	0m1.741s
sys	0m0.204s
