{
 "files": {
  "data/B_n15_s0.jsonl": {
   "records": 200,
   "failures": 0,
   "npieces_hist": {
    "15": {
     "7": 33,
     "6": 59,
     "3": 8,
     "5": 59,
     "4": 27,
     "8": 11,
     "9": 3
    }
   }
  },
  "data/B_n15_s1.jsonl": {
   "records": 200,
   "failures": 0,
   "npieces_hist": {
    "15": {
     "4": 25,
     "3": 4,
     "6": 47,
     "7": 45,
     "5": 54,
     "8": 19,
     "9": 6
    }
   }
  },
  "data/B_n15_s2.jsonl": {
   "records": 200,
   "failures": 0,
   "npieces_hist": {
    "15": {
     "5": 48,
     "6": 70,
     "7": 35,
     "8": 16,
     "4": 26,
     "3": 3,
     "9": 2
    }
   }
  },
  "data/B_n15_s3.jsonl": {
   "records": 200,
   "failures": 0,
   "npieces_hist": {
    "15": {
     "6": 65,
     "4": 21,
     "7": 39,
     "5": 52,
     "3": 6,
     "9": 5,
     "8": 12
    }
   }
  },
  "data/B_n15_s4.jsonl": {
   "records": 200,
   "failures": 0,
   "npieces_hist": {
    "15": {
     "4": 26,
     "7": 45,
     "6": 68,
     "9": 3,
     "5": 43,
     "8": 11,
     "3": 3,
     "10": 1
    }
   }
  },
  "data/B_n15_s5.jsonl": {
   "records": 200,
   "failures": 0,
   "npieces_hist": {
    "15": {
     "7": 44,
     "5": 50,
     "8": 20,
     "9": 3,
     "6": 50,
     "4": 25,
     "11": 1,
     "3": 6,
     "10": 1
    }
   }
  },
  "data/B_n15_s6.jsonl": {
   "records": 200,
   "failures": 0,
   "npieces_hist": {
    "15": {
     "6": 71,
     "5": 52,
     "7": 36,
     "4": 19,
     "8": 16,
     "9": 1,
     "3": 5
    }
   }
  },
  "data/B_n15_s7.jsonl": {
   "records": 200,
   "failures": 0,
   "npieces_hist": {
    "15": {
     "8": 24,
     "6": 65,
     "7": 40,
     "5": 40,
     "4": 19,
     "3": 4,
     "9": 7,
     "10": 1
    }
   }
  },
  "data/B_n15_s8.jsonl": {
   "records": 200,
   "failures": 0,
   "npieces_hist": {
    "15": {
     "5": 57,
     "7": 37,
     "6": 52,
     "8": 22,
     "4": 23,
     "3": 4,
     "9": 4,
     "10": 1
    }
   }
  },
  "data/B_n15_s9.jsonl": {
   "records": 200,
   "failures": 0,
   "npieces_hist": {
    "15": {
     "6": 50,
     "4": 31,
     "7": 44,
     "5": 46,
     "8": 13,
     "3": 12,
     "9": 3,
     "10": 1
    }
   }
  },
  "data/B_n18_s0.jsonl": {
   "records": 200,
   "failures": 0,
   "npieces_hist": {
    "18": {
     "7": 59,
     "6": 54,
     "8": 26,
     "4": 17,
     "5": 28,
     "9": 8,
     "3": 4,
     "10": 3,
     "11": 1
    }
   }
  },
  "data/B_n18_s1.jsonl": {
   "records": 200,
   "failures": 0,
   "npieces_hist": {
    "18": {
     "5": 50,
     "7": 42,
     "6": 52,
     "10": 4,
     "8": 26,
     "4": 17,
     "9": 6,
     "3": 2,
     "11": 1
    }
   }
  },
  "data/B_n18_s2.jsonl": {
   "records": 200,
   "failures": 0,
   "npieces_hist": {
    "18": {
     "7": 58,
     "6": 47,
     "9": 8,
     "11": 2,
     "4": 21,
     "5": 38,
     "8": 22,
     "3": 3,
     "10": 1
    }
   }
  },
  "data/B_n18_s3.jsonl": {
   "records": 200,
   "failures": 0,
   "npieces_hist": {
    "18": {
     "7": 41,
     "8": 33,
     "4": 24,
     "6": 51,
     "5": 37,
     "9": 7,
     "3": 2,
     "12": 1,
     "10": 4
    }
   }
  },
  "data/B_n18_s4.jsonl": {
   "records": 200,
   "failures": 0,
   "npieces_hist": {
    "18": {
     "7": 43,
     "10": 6,
     "5": 32,
     "4": 18,
     "6": 61,
     "9": 8,
     "8": 31,
     "3": 1
    }
   }
  },
  "data/B_n18_s5.jsonl": {
   "records": 200,
   "failures": 0,
   "npieces_hist": {
    "18": {
     "9": 10,
     "5": 40,
     "7": 54,
     "6": 53,
     "8": 28,
     "4": 13,
     "10": 1,
     "3": 1
    }
   }
  },
  "data/B_n18_s6.jsonl": {
   "records": 200,
   "failures": 0,
   "npieces_hist": {
    "18": {
     "6": 53,
     "7": 52,
     "9": 12,
     "5": 37,
     "8": 28,
     "4": 13,
     "11": 1,
     "10": 1,
     "3": 3
    }
   }
  },
  "data/B_n18_s7.jsonl": {
   "records": 200,
   "failures": 0,
   "npieces_hist": {
    "18": {
     "8": 30,
     "7": 45,
     "4": 21,
     "6": 49,
     "5": 41,
     "3": 4,
     "9": 6,
     "10": 2,
     "11": 2
    }
   }
  },
  "data/B_n18_s8.jsonl": {
   "records": 200,
   "failures": 0,
   "npieces_hist": {
    "18": {
     "6": 51,
     "8": 27,
     "5": 30,
     "4": 16,
     "7": 59,
     "3": 4,
     "9": 10,
     "10": 2,
     "11": 1
    }
   }
  },
  "data/B_n18_s9.jsonl": {
   "records": 200,
   "failures": 0,
   "npieces_hist": {
    "18": {
     "4": 25,
     "6": 55,
     "10": 3,
     "5": 45,
     "7": 45,
     "9": 5,
     "3": 1,
     "8": 21
    }
   }
  },
  "data/B_n21_s0.jsonl": {
   "records": 200,
   "failures": 0,
   "npieces_hist": {
    "21": {
     "8": 39,
     "10": 5,
     "5": 27,
     "6": 46,
     "9": 21,
     "7": 45,
     "3": 2,
     "4": 15
    }
   }
  },
  "data/B_n21_s1.jsonl": {
   "records": 200,
   "failures": 0,
   "npieces_hist": {
    "21": {
     "4": 16,
     "6": 49,
     "7": 46,
     "8": 29,
     "5": 26,
     "9": 21,
     "11": 2,
     "10": 6,
     "3": 3,
     "12": 2
    }
   }
  },
  "data/B_n21_s2.jsonl": {
   "records": 200,
   "failures": 0,
   "npieces_hist": {
    "21": {
     "9": 24,
     "6": 33,
     "5": 37,
     "10": 8,
     "8": 35,
     "7": 50,
     "11": 3,
     "4": 8,
     "3": 2
    }
   }
  },
  "data/B_n21_s3.jsonl": {
   "records": 200,
   "failures": 0,
   "npieces_hist": {
    "21": {
     "8": 33,
     "7": 42,
     "6": 45,
     "5": 37,
     "10": 8,
     "9": 19,
     "4": 11,
     "12": 1,
     "11": 3,
     "3": 1
    }
   }
  },
  "data/B_n21_s4.jsonl": {
   "records": 200,
   "failures": 0,
   "npieces_hist": {
    "21": {
     "7": 54,
     "6": 47,
     "10": 8,
     "5": 35,
     "3": 2,
     "8": 29,
     "13": 1,
     "4": 12,
     "9": 11,
     "11": 1
    }
   }
  },
  "data/B_n21_s5.jsonl": {
   "records": 200,
   "failures": 0,
   "npieces_hist": {
    "21": {
     "6": 49,
     "5": 23,
     "4": 15,
     "9": 18,
     "7": 50,
     "11": 2,
     "10": 6,
     "3": 4,
     "8": 33
    }
   }
  },
  "data/B_n21_s6.jsonl": {
   "records": 200,
   "failures": 0,
   "npieces_hist": {
    "21": {
     "8": 29,
     "6": 48,
     "5": 31,
     "4": 10,
     "9": 13,
     "7": 55,
     "10": 6,
     "11": 5,
     "12": 1,
     "3": 2
    }
   }
  },
  "data/B_n21_s7.jsonl": {
   "records": 200,
   "failures": 0,
   "npieces_hist": {
    "21": {
     "6": 41,
     "8": 35,
     "9": 25,
     "7": 47,
     "5": 31,
     "10": 4,
     "12": 1,
     "4": 13,
     "11": 2,
     "3": 1
    }
   }
  },
  "data/B_n21_s8.jsonl": {
   "records": 200,
   "failures": 0,
   "npieces_hist": {
    "21": {
     "10": 9,
     "5": 28,
     "8": 42,
     "6": 40,
     "7": 49,
     "9": 18,
     "4": 10,
     "11": 1,
     "3": 3
    }
   }
  },
  "data/B_n21_s9.jsonl": {
   "records": 200,
   "failures": 0,
   "npieces_hist": {
    "21": {
     "4": 7,
     "5": 37,
     "8": 38,
     "7": 54,
     "6": 43,
     "3": 3,
     "9": 13,
     "10": 3,
     "11": 2
    }
   }
  },
  "data/B_n24_s0.jsonl": {
   "records": 200,
   "failures": 0,
   "npieces_hist": {
    "24": {
     "8": 35,
     "9": 23,
     "5": 30,
     "7": 45,
     "6": 39,
     "10": 9,
     "4": 12,
     "11": 3,
     "13": 2,
     "3": 1,
     "12": 1
    }
   }
  },
  "data/B_n24_s1.jsonl": {
   "records": 200,
   "failures": 0,
   "npieces_hist": {
    "24": {
     "6": 49,
     "7": 48,
     "11": 2,
     "5": 26,
     "9": 18,
     "8": 45,
     "10": 6,
     "4": 6
    }
   }
  },
  "data/B_n24_s2.jsonl": {
   "records": 200,
   "failures": 0,
   "npieces_hist": {
    "24": {
     "4": 13,
     "8": 43,
     "7": 36,
     "6": 44,
     "10": 11,
     "5": 26,
     "3": 1,
     "9": 22,
     "11": 3,
     "12": 1
    }
   }
  },
  "data/B_n24_s3.jsonl": {
   "records": 200,
   "failures": 0,
   "npieces_hist": {
    "24": {
     "8": 37,
     "6": 36,
     "7": 58,
     "9": 24,
     "5": 22,
     "10": 9,
     "4": 11,
     "11": 1,
     "12": 1,
     "3": 1
    }
   }
  },
  "data/B_n24_s4.jsonl": {
   "records": 200,
   "failures": 0,
   "npieces_hist": {
    "24": {
     "6": 47,
     "8": 33,
     "7": 43,
     "9": 24,
     "4": 10,
     "5": 29,
     "10": 6,
     "12": 3,
     "11": 5
    }
   }
  },
  "data/B_n24_s5.jsonl": {
   "records": 200,
   "failures": 0,
   "npieces_hist": {
    "24": {
     "4": 7,
     "7": 54,
     "6": 43,
     "9": 19,
     "5": 25,
     "8": 37,
     "11": 5,
     "10": 9,
     "3": 1
    }
   }
  },
  "data/B_n24_s6.jsonl": {
   "records": 200,
   "failures": 0,
   "npieces_hist": {
    "24": {
     "7": 42,
     "5": 21,
     "8": 43,
     "9": 23,
     "4": 8,
     "6": 51,
     "10": 10,
     "11": 1,
     "3": 1
    }
   }
  },
  "data/B_n24_s7.jsonl": {
   "records": 200,
   "failures": 0,
   "npieces_hist": {
    "24": {
     "7": 48,
     "9": 20,
     "5": 23,
     "6": 38,
     "10": 7,
     "8": 46,
     "12": 1,
     "11": 6,
     "3": 2,
     "4": 9
    }
   }
  },
  "data/B_n24_s8.jsonl": {
   "records": 200,
   "failures": 0,
   "npieces_hist": {
    "24": {
     "9": 31,
     "6": 40,
     "8": 37,
     "7": 54,
     "4": 6,
     "10": 8,
     "5": 16,
     "3": 2,
     "12": 1,
     "11": 4,
     "13": 1
    }
   }
  },
  "data/B_n24_s9.jsonl": {
   "records": 200,
   "failures": 0,
   "npieces_hist": {
    "24": {
     "8": 42,
     "6": 44,
     "9": 25,
     "7": 47,
     "5": 25,
     "10": 8,
     "4": 4,
     "11": 4,
     "3": 1
    }
   }
  }
 },
 "total_records": 8000,
 "total_failures": 0,
 "failures": []
}
python3 h_verify.py data/B_n15_s*.jsonl data/B_n18_s*.jsonl    1.47s user 0.07s system 16% cpu 9.330 total
