{
 "files": {
  "data/C_s7_s0.jsonl": {
   "records": 150,
   "failures": 0,
   "npieces_hist": {
    "21": {
     "6": 22,
     "4": 56,
     "7": 15,
     "5": 39,
     "3": 13,
     "9": 2,
     "8": 3
    },
    "10021": {
     "true": 150
    }
   }
  },
  "data/C_s7_s1.jsonl": {
   "records": 150,
   "failures": 0,
   "npieces_hist": {
    "21": {
     "4": 42,
     "3": 25,
     "7": 12,
     "6": 27,
     "8": 6,
     "5": 38
    },
    "10021": {
     "true": 150
    }
   }
  },
  "data/C_s7_s2.jsonl": {
   "records": 150,
   "failures": 0,
   "npieces_hist": {
    "21": {
     "4": 40,
     "6": 30,
     "5": 28,
     "3": 26,
     "8": 4,
     "7": 21,
     "10": 1
    },
    "10021": {
     "true": 150
    }
   }
  },
  "data/C_s7_s3.jsonl": {
   "records": 150,
   "failures": 0,
   "npieces_hist": {
    "21": {
     "5": 44,
     "4": 37,
     "6": 30,
     "8": 2,
     "7": 16,
     "3": 17,
     "9": 4
    },
    "10021": {
     "true": 150
    }
   }
  },
  "data/C_s7_s4.jsonl": {
   "records": 150,
   "failures": 0,
   "npieces_hist": {
    "21": {
     "3": 23,
     "6": 38,
     "4": 39,
     "5": 30,
     "7": 12,
     "8": 7,
     "9": 1
    },
    "10021": {
     "true": 150
    }
   }
  },
  "data/C_s7_s5.jsonl": {
   "records": 150,
   "failures": 0,
   "npieces_hist": {
    "21": {
     "6": 32,
     "3": 15,
     "5": 38,
     "4": 36,
     "7": 21,
     "8": 4,
     "9": 4
    },
    "10021": {
     "true": 150
    }
   }
  },
  "data/C_s7_s6.jsonl": {
   "records": 150,
   "failures": 0,
   "npieces_hist": {
    "21": {
     "5": 38,
     "7": 17,
     "6": 26,
     "8": 6,
     "4": 34,
     "3": 29
    },
    "10021": {
     "true": 150
    }
   }
  },
  "data/C_s7_s7.jsonl": {
   "records": 150,
   "failures": 0,
   "npieces_hist": {
    "21": {
     "4": 36,
     "7": 11,
     "5": 28,
     "6": 41,
     "3": 20,
     "8": 10,
     "9": 4
    },
    "10021": {
     "true": 150
    }
   }
  },
  "data/C_s7_s8.jsonl": {
   "records": 150,
   "failures": 0,
   "npieces_hist": {
    "21": {
     "6": 21,
     "4": 55,
     "3": 18,
     "7": 18,
     "5": 32,
     "8": 5,
     "9": 1
    },
    "10021": {
     "true": 150
    }
   }
  },
  "data/C_s7_s9.jsonl": {
   "records": 150,
   "failures": 0,
   "npieces_hist": {
    "21": {
     "3": 29,
     "5": 38,
     "6": 36,
     "4": 28,
     "8": 5,
     "7": 14
    },
    "10021": {
     "true": 150
    }
   }
  },
  "data/C_s8_s0.jsonl": {
   "records": 150,
   "failures": 0,
   "npieces_hist": {
    "24": {
     "4": 32,
     "6": 36,
     "3": 24,
     "5": 41,
     "8": 3,
     "7": 13,
     "10": 1
    },
    "10024": {
     "true": 150
    }
   }
  },
  "data/C_s8_s1.jsonl": {
   "records": 150,
   "failures": 0,
   "npieces_hist": {
    "24": {
     "4": 41,
     "6": 46,
     "3": 11,
     "5": 30,
     "7": 15,
     "9": 4,
     "8": 3
    },
    "10024": {
     "true": 150
    }
   }
  },
  "data/C_s8_s2.jsonl": {
   "records": 150,
   "failures": 0,
   "npieces_hist": {
    "24": {
     "5": 36,
     "3": 24,
     "6": 33,
     "4": 28,
     "7": 11,
     "8": 13,
     "10": 3,
     "9": 1,
     "12": 1
    },
    "10024": {
     "true": 150
    }
   }
  },
  "data/C_s8_s3.jsonl": {
   "records": 150,
   "failures": 0,
   "npieces_hist": {
    "24": {
     "6": 32,
     "4": 21,
     "5": 40,
     "7": 22,
     "8": 15,
     "9": 5,
     "3": 14,
     "10": 1
    },
    "10024": {
     "true": 150
    }
   }
  }
 },
 "total_records": 2100,
 "total_failures": 0,
 "failures": []
}
python3 h_verify.py data/C_s7_s*.jsonl data/C_s8_s*.jsonl  0.94s user 0.06s system 16% cpu 6.109 total
